mode: set
github.com/vanguard-platform/aegis-sdk-go/aegis.go:16.29,18.2 1 0
github.com/vanguard-platform/aegis-sdk-go/aegis.go:21.30,23.2 1 1
github.com/vanguard-platform/aegis-sdk-go/aegis.go:47.55,50.23 3 1
github.com/vanguard-platform/aegis-sdk-go/aegis.go:50.23,52.3 1 0
github.com/vanguard-platform/aegis-sdk-go/aegis.go:53.2,53.23 1 1
github.com/vanguard-platform/aegis-sdk-go/aegis.go:57.52,59.2 1 1
github.com/vanguard-platform/aegis-sdk-go/aegis.go:62.96,65.28 3 1
github.com/vanguard-platform/aegis-sdk-go/aegis.go:65.28,66.37 1 1
github.com/vanguard-platform/aegis-sdk-go/aegis.go:66.37,68.4 1 1
github.com/vanguard-platform/aegis-sdk-go/aegis.go:70.2,87.15 15 1
github.com/vanguard-platform/aegis-sdk-go/aegis.go:87.15,88.31 1 1
github.com/vanguard-platform/aegis-sdk-go/aegis.go:88.31,90.4 1 0
github.com/vanguard-platform/aegis-sdk-go/aegis.go:92.3,108.37 15 1
github.com/vanguard-platform/aegis-sdk-go/aegis.go:108.37,110.22 2 0
github.com/vanguard-platform/aegis-sdk-go/aegis.go:110.22,112.5 1 0
github.com/vanguard-platform/aegis-sdk-go/aegis.go:112.10,114.5 1 0
github.com/vanguard-platform/aegis-sdk-go/aegis.go:115.4,116.22 2 0
github.com/vanguard-platform/aegis-sdk-go/aegis.go:116.22,117.19 1 0
github.com/vanguard-platform/aegis-sdk-go/aegis.go:119.9,122.4 2 1
github.com/vanguard-platform/aegis-sdk-go/aegis.go:125.2,125.6 1 1
github.com/vanguard-platform/aegis-sdk-go/aegis.go:129.57,130.25 1 1
github.com/vanguard-platform/aegis-sdk-go/aegis.go:130.25,132.3 1 0
github.com/vanguard-platform/aegis-sdk-go/aegis.go:133.2,133.22 1 1
github.com/vanguard-platform/aegis-sdk-go/aegis.go:133.22,135.3 1 0
github.com/vanguard-platform/aegis-sdk-go/aegis.go:137.2,157.15 13 1
github.com/vanguard-platform/aegis-sdk-go/aegis.go:157.15,170.17 12 1
github.com/vanguard-platform/aegis-sdk-go/aegis.go:170.17,172.4 1 0
github.com/vanguard-platform/aegis-sdk-go/aegis.go:172.9,174.4 1 1
github.com/vanguard-platform/aegis-sdk-go/aegis.go:175.3,175.32 1 1
github.com/vanguard-platform/aegis-sdk-go/aegis.go:178.2,178.13 1 1
github.com/vanguard-platform/aegis-sdk-go/event.go:40.43,46.2 1 1
github.com/vanguard-platform/aegis-sdk-go/event.go:49.42,51.2 1 1
github.com/vanguard-platform/aegis-sdk-go/reporter.go:22.44,23.21 1 1
github.com/vanguard-platform/aegis-sdk-go/reporter.go:24.30,26.19 2 1
github.com/vanguard-platform/aegis-sdk-go/reporter.go:26.19,28.4 1 1
github.com/vanguard-platform/aegis-sdk-go/reporter.go:29.3,29.82 1 1
github.com/vanguard-platform/aegis-sdk-go/reporter.go:30.28,32.27 2 1
github.com/vanguard-platform/aegis-sdk-go/reporter.go:32.27,34.4 1 0
github.com/vanguard-platform/aegis-sdk-go/reporter.go:35.3,35.94 1 1
github.com/vanguard-platform/aegis-sdk-go/reporter.go:36.30,37.43 1 1
github.com/vanguard-platform/aegis-sdk-go/reporter.go:38.28,40.26 2 1
github.com/vanguard-platform/aegis-sdk-go/reporter.go:40.26,42.4 1 1
github.com/vanguard-platform/aegis-sdk-go/reporter.go:43.3,43.27 1 1
github.com/vanguard-platform/aegis-sdk-go/reporter.go:43.27,45.4 1 1
github.com/vanguard-platform/aegis-sdk-go/reporter.go:45.9,47.4 1 0
github.com/vanguard-platform/aegis-sdk-go/reporter.go:51.36,51.37 0 0
github.com/vanguard-platform/aegis-sdk-go/reporter.go:60.61,63.95 3 1
github.com/vanguard-platform/aegis-sdk-go/reporter.go:63.95,65.3 1 1
github.com/vanguard-platform/aegis-sdk-go/reporter.go:66.2,72.3 1 1
github.com/vanguard-platform/aegis-sdk-go/reporter.go:75.41,77.16 2 1
github.com/vanguard-platform/aegis-sdk-go/reporter.go:77.16,79.3 1 0
github.com/vanguard-platform/aegis-sdk-go/reporter.go:81.2,81.12 1 1
github.com/vanguard-platform/aegis-sdk-go/reporter.go:81.12,83.17 2 1
github.com/vanguard-platform/aegis-sdk-go/reporter.go:83.17,85.4 1 0
github.com/vanguard-platform/aegis-sdk-go/reporter.go:86.3,87.20 2 1
github.com/vanguard-platform/aegis-sdk-go/reporter.go:87.20,89.4 1 0
github.com/vanguard-platform/aegis-sdk-go/reporter.go:90.3,91.32 2 1
github.com/vanguard-platform/aegis-sdk-go/reporter.go:91.32,93.4 1 0
github.com/vanguard-platform/aegis-sdk-go/reporter.go:97.33,97.34 0 0
github.com/vanguard-platform/aegis-sdk-go/reporter.go:105.48,110.21 4 1
github.com/vanguard-platform/aegis-sdk-go/reporter.go:110.21,112.3 1 1
github.com/vanguard-platform/aegis-sdk-go/reporter.go:113.2,115.11 3 1
github.com/vanguard-platform/aegis-sdk-go/reporter.go:118.53,122.2 3 1
github.com/vanguard-platform/aegis-sdk-go/reporter.go:124.46,127.32 3 1
github.com/vanguard-platform/aegis-sdk-go/reporter.go:127.32,129.3 1 1
github.com/vanguard-platform/aegis-sdk-go/reporter.go:132.37,135.32 3 0
github.com/vanguard-platform/aegis-sdk-go/reporter.go:135.32,137.3 1 0
